// Jest Snapshot v1, https://goo.gl/fbAQLP

exports[`renders app component 1`] = `
<div
  id="bird-image"
>
  <ul>
    <li>
      <a
        href="index.html"
      >
        Index
      </a>
    </li>
    <li>
      <a
        href="contact.html"
      >
        Contact
      </a>
    </li>
    <li>
      <a
        href="about.html"
      >
        About
      </a>
    </li>
  </ul>
  <header>
    <h1 />
  </header>
  <main>
    <h1>
      Main
    </h1>
  </main>
  <aside>
    <h1>
      Sidebar
    </h1>
  </aside>
  <footer>
    <h1>
      Footer
    </h1>
  </footer>
</div>
`;
